FairlightExcalibur@DESKTOP-F5MU1S8 MINGW64 ~/Documents/GitHub/Assignment1 (master)
$ git commit
On branch master
Your branch is up to date with 'origin/master'.

Changes not staged for commit:
        modified:   README.md

no changes added to commit

FairlightExcalibur@DESKTOP-F5MU1S8 MINGW64 ~/Documents/GitHub/Assignment1 (master)
$ git commit -a
[master 1c93ac9]        Updated readme with student info
 1 file changed, 2 insertions(+), 1 deletion(-)

FairlightExcalibur@DESKTOP-F5MU1S8 MINGW64 ~/Documents/GitHub/Assignment1 (master)
$ git push
Logon failed, use ctrl+c to cancel basic credential prompt.
Username for 'https://github.com': redfoxmh
Enumerating objects: 5, done.
Counting objects: 100% (5/5), done.
Delta compression using up to 4 threads
Compressing objects: 100% (2/2), done.
Writing objects: 100% (3/3), 395 bytes | 395.00 KiB/s, done.
Total 3 (delta 1), reused 0 (delta 0)
remote: Resolving deltas: 100% (1/1), completed with 1 local object.
To https://github.com/redfoxmh/Assignment1.git
   3d373c9..1c93ac9  master -> master

FairlightExcalibur@DESKTOP-F5MU1S8 MINGW64 ~/Documents/GitHub/Assignment1 (master)
$ git status
On branch master
Your branch is up to date with 'origin/master'.

nothing to commit, working tree clean

